// Vitest Snapshot v1, https://vitest.dev/guide/snapshot.html

exports[`database > should return resources 1`] = `
[
  Resource {
    "_decorated": null,
    "info": {
      "_kind": Symbol(resource),
      "db": Kysely {},
      "introspection": {
        "enums": EnumCollection {
          "enums": {
            "public.status": [
              "ACTIVE",
              "REMOVED",
            ],
          },
        },
        "tables": [
          TableMetadata {
            "columns": [
              ColumnMetadata {
                "comment": null,
                "dataType": "int4",
                "dataTypeSchema": "pg_catalog",
                "enumValues": null,
                "hasDefaultValue": true,
                "isArray": false,
                "isAutoIncrementing": true,
                "isNullable": false,
                "name": "id",
              },
              ColumnMetadata {
                "comment": null,
                "dataType": "timestamp",
                "dataTypeSchema": "pg_catalog",
                "enumValues": null,
                "hasDefaultValue": true,
                "isArray": false,
                "isAutoIncrementing": false,
                "isNullable": false,
                "name": "created_at",
              },
              ColumnMetadata {
                "comment": null,
                "dataType": "text",
                "dataTypeSchema": "pg_catalog",
                "enumValues": null,
                "hasDefaultValue": false,
                "isArray": false,
                "isAutoIncrementing": false,
                "isNullable": false,
                "name": "title",
              },
              ColumnMetadata {
                "comment": null,
                "dataType": "text",
                "dataTypeSchema": "pg_catalog",
                "enumValues": null,
                "hasDefaultValue": false,
                "isArray": false,
                "isAutoIncrementing": false,
                "isNullable": true,
                "name": "content",
              },
              ColumnMetadata {
                "comment": null,
                "dataType": "timestamp",
                "dataTypeSchema": "pg_catalog",
                "enumValues": null,
                "hasDefaultValue": true,
                "isArray": false,
                "isAutoIncrementing": false,
                "isNullable": false,
                "name": "updated_at",
              },
              ColumnMetadata {
                "comment": null,
                "dataType": "json",
                "dataTypeSchema": "pg_catalog",
                "enumValues": null,
                "hasDefaultValue": false,
                "isArray": false,
                "isAutoIncrementing": false,
                "isNullable": true,
                "name": "some_json",
              },
              ColumnMetadata {
                "comment": null,
                "dataType": "status",
                "dataTypeSchema": "public",
                "enumValues": [
                  "ACTIVE",
                  "REMOVED",
                ],
                "hasDefaultValue": false,
                "isArray": false,
                "isAutoIncrementing": false,
                "isNullable": false,
                "name": "status",
              },
              ColumnMetadata {
                "comment": null,
                "dataType": "int4",
                "dataTypeSchema": "pg_catalog",
                "enumValues": null,
                "hasDefaultValue": false,
                "isArray": false,
                "isAutoIncrementing": false,
                "isNullable": false,
                "name": "author_id",
              },
              ColumnMetadata {
                "comment": null,
                "dataType": "bool",
                "dataTypeSchema": "pg_catalog",
                "enumValues": null,
                "hasDefaultValue": true,
                "isArray": false,
                "isAutoIncrementing": false,
                "isNullable": false,
                "name": "published",
              },
            ],
            "name": "post",
            "schema": "public",
          },
          TableMetadata {
            "columns": [
              ColumnMetadata {
                "comment": null,
                "dataType": "uuid",
                "dataTypeSchema": "pg_catalog",
                "enumValues": null,
                "hasDefaultValue": true,
                "isArray": false,
                "isAutoIncrementing": false,
                "isNullable": false,
                "name": "id",
              },
              ColumnMetadata {
                "comment": null,
                "dataType": "text",
                "dataTypeSchema": "pg_catalog",
                "enumValues": null,
                "hasDefaultValue": false,
                "isArray": false,
                "isAutoIncrementing": false,
                "isNullable": false,
                "name": "bio",
              },
              ColumnMetadata {
                "comment": null,
                "dataType": "text",
                "dataTypeSchema": "pg_catalog",
                "enumValues": null,
                "hasDefaultValue": false,
                "isArray": false,
                "isAutoIncrementing": false,
                "isNullable": true,
                "name": "name",
              },
              ColumnMetadata {
                "comment": null,
                "dataType": "int4",
                "dataTypeSchema": "pg_catalog",
                "enumValues": null,
                "hasDefaultValue": false,
                "isArray": false,
                "isAutoIncrementing": false,
                "isNullable": false,
                "name": "user_id",
              },
            ],
            "name": "profile",
            "schema": "public",
          },
          TableMetadata {
            "columns": [
              ColumnMetadata {
                "comment": null,
                "dataType": "int4",
                "dataTypeSchema": "pg_catalog",
                "enumValues": null,
                "hasDefaultValue": true,
                "isArray": false,
                "isAutoIncrementing": true,
                "isNullable": false,
                "name": "id",
              },
              ColumnMetadata {
                "comment": null,
                "dataType": "text",
                "dataTypeSchema": "pg_catalog",
                "enumValues": null,
                "hasDefaultValue": false,
                "isArray": false,
                "isAutoIncrementing": false,
                "isNullable": false,
                "name": "email",
              },
              ColumnMetadata {
                "comment": null,
                "dataType": "text",
                "dataTypeSchema": "pg_catalog",
                "enumValues": null,
                "hasDefaultValue": false,
                "isArray": false,
                "isAutoIncrementing": false,
                "isNullable": true,
                "name": "name",
              },
            ],
            "name": "user",
            "schema": "public",
          },
        ],
      },
      "table": TableMetadata {
        "columns": [
          ColumnMetadata {
            "comment": null,
            "dataType": "int4",
            "dataTypeSchema": "pg_catalog",
            "enumValues": null,
            "hasDefaultValue": true,
            "isArray": false,
            "isAutoIncrementing": true,
            "isNullable": false,
            "name": "id",
          },
          ColumnMetadata {
            "comment": null,
            "dataType": "timestamp",
            "dataTypeSchema": "pg_catalog",
            "enumValues": null,
            "hasDefaultValue": true,
            "isArray": false,
            "isAutoIncrementing": false,
            "isNullable": false,
            "name": "created_at",
          },
          ColumnMetadata {
            "comment": null,
            "dataType": "text",
            "dataTypeSchema": "pg_catalog",
            "enumValues": null,
            "hasDefaultValue": false,
            "isArray": false,
            "isAutoIncrementing": false,
            "isNullable": false,
            "name": "title",
          },
          ColumnMetadata {
            "comment": null,
            "dataType": "text",
            "dataTypeSchema": "pg_catalog",
            "enumValues": null,
            "hasDefaultValue": false,
            "isArray": false,
            "isAutoIncrementing": false,
            "isNullable": true,
            "name": "content",
          },
          ColumnMetadata {
            "comment": null,
            "dataType": "timestamp",
            "dataTypeSchema": "pg_catalog",
            "enumValues": null,
            "hasDefaultValue": true,
            "isArray": false,
            "isAutoIncrementing": false,
            "isNullable": false,
            "name": "updated_at",
          },
          ColumnMetadata {
            "comment": null,
            "dataType": "json",
            "dataTypeSchema": "pg_catalog",
            "enumValues": null,
            "hasDefaultValue": false,
            "isArray": false,
            "isAutoIncrementing": false,
            "isNullable": true,
            "name": "some_json",
          },
          ColumnMetadata {
            "comment": null,
            "dataType": "status",
            "dataTypeSchema": "public",
            "enumValues": [
              "ACTIVE",
              "REMOVED",
            ],
            "hasDefaultValue": false,
            "isArray": false,
            "isAutoIncrementing": false,
            "isNullable": false,
            "name": "status",
          },
          ColumnMetadata {
            "comment": null,
            "dataType": "int4",
            "dataTypeSchema": "pg_catalog",
            "enumValues": null,
            "hasDefaultValue": false,
            "isArray": false,
            "isAutoIncrementing": false,
            "isNullable": false,
            "name": "author_id",
          },
          ColumnMetadata {
            "comment": null,
            "dataType": "bool",
            "dataTypeSchema": "pg_catalog",
            "enumValues": null,
            "hasDefaultValue": true,
            "isArray": false,
            "isAutoIncrementing": false,
            "isNullable": false,
            "name": "published",
          },
        ],
        "name": "post",
        "schema": "public",
      },
    },
  },
  Resource {
    "_decorated": null,
    "info": {
      "_kind": Symbol(resource),
      "db": Kysely {},
      "introspection": {
        "enums": EnumCollection {
          "enums": {
            "public.status": [
              "ACTIVE",
              "REMOVED",
            ],
          },
        },
        "tables": [
          TableMetadata {
            "columns": [
              ColumnMetadata {
                "comment": null,
                "dataType": "int4",
                "dataTypeSchema": "pg_catalog",
                "enumValues": null,
                "hasDefaultValue": true,
                "isArray": false,
                "isAutoIncrementing": true,
                "isNullable": false,
                "name": "id",
              },
              ColumnMetadata {
                "comment": null,
                "dataType": "timestamp",
                "dataTypeSchema": "pg_catalog",
                "enumValues": null,
                "hasDefaultValue": true,
                "isArray": false,
                "isAutoIncrementing": false,
                "isNullable": false,
                "name": "created_at",
              },
              ColumnMetadata {
                "comment": null,
                "dataType": "text",
                "dataTypeSchema": "pg_catalog",
                "enumValues": null,
                "hasDefaultValue": false,
                "isArray": false,
                "isAutoIncrementing": false,
                "isNullable": false,
                "name": "title",
              },
              ColumnMetadata {
                "comment": null,
                "dataType": "text",
                "dataTypeSchema": "pg_catalog",
                "enumValues": null,
                "hasDefaultValue": false,
                "isArray": false,
                "isAutoIncrementing": false,
                "isNullable": true,
                "name": "content",
              },
              ColumnMetadata {
                "comment": null,
                "dataType": "timestamp",
                "dataTypeSchema": "pg_catalog",
                "enumValues": null,
                "hasDefaultValue": true,
                "isArray": false,
                "isAutoIncrementing": false,
                "isNullable": false,
                "name": "updated_at",
              },
              ColumnMetadata {
                "comment": null,
                "dataType": "json",
                "dataTypeSchema": "pg_catalog",
                "enumValues": null,
                "hasDefaultValue": false,
                "isArray": false,
                "isAutoIncrementing": false,
                "isNullable": true,
                "name": "some_json",
              },
              ColumnMetadata {
                "comment": null,
                "dataType": "status",
                "dataTypeSchema": "public",
                "enumValues": [
                  "ACTIVE",
                  "REMOVED",
                ],
                "hasDefaultValue": false,
                "isArray": false,
                "isAutoIncrementing": false,
                "isNullable": false,
                "name": "status",
              },
              ColumnMetadata {
                "comment": null,
                "dataType": "int4",
                "dataTypeSchema": "pg_catalog",
                "enumValues": null,
                "hasDefaultValue": false,
                "isArray": false,
                "isAutoIncrementing": false,
                "isNullable": false,
                "name": "author_id",
              },
              ColumnMetadata {
                "comment": null,
                "dataType": "bool",
                "dataTypeSchema": "pg_catalog",
                "enumValues": null,
                "hasDefaultValue": true,
                "isArray": false,
                "isAutoIncrementing": false,
                "isNullable": false,
                "name": "published",
              },
            ],
            "name": "post",
            "schema": "public",
          },
          TableMetadata {
            "columns": [
              ColumnMetadata {
                "comment": null,
                "dataType": "uuid",
                "dataTypeSchema": "pg_catalog",
                "enumValues": null,
                "hasDefaultValue": true,
                "isArray": false,
                "isAutoIncrementing": false,
                "isNullable": false,
                "name": "id",
              },
              ColumnMetadata {
                "comment": null,
                "dataType": "text",
                "dataTypeSchema": "pg_catalog",
                "enumValues": null,
                "hasDefaultValue": false,
                "isArray": false,
                "isAutoIncrementing": false,
                "isNullable": false,
                "name": "bio",
              },
              ColumnMetadata {
                "comment": null,
                "dataType": "text",
                "dataTypeSchema": "pg_catalog",
                "enumValues": null,
                "hasDefaultValue": false,
                "isArray": false,
                "isAutoIncrementing": false,
                "isNullable": true,
                "name": "name",
              },
              ColumnMetadata {
                "comment": null,
                "dataType": "int4",
                "dataTypeSchema": "pg_catalog",
                "enumValues": null,
                "hasDefaultValue": false,
                "isArray": false,
                "isAutoIncrementing": false,
                "isNullable": false,
                "name": "user_id",
              },
            ],
            "name": "profile",
            "schema": "public",
          },
          TableMetadata {
            "columns": [
              ColumnMetadata {
                "comment": null,
                "dataType": "int4",
                "dataTypeSchema": "pg_catalog",
                "enumValues": null,
                "hasDefaultValue": true,
                "isArray": false,
                "isAutoIncrementing": true,
                "isNullable": false,
                "name": "id",
              },
              ColumnMetadata {
                "comment": null,
                "dataType": "text",
                "dataTypeSchema": "pg_catalog",
                "enumValues": null,
                "hasDefaultValue": false,
                "isArray": false,
                "isAutoIncrementing": false,
                "isNullable": false,
                "name": "email",
              },
              ColumnMetadata {
                "comment": null,
                "dataType": "text",
                "dataTypeSchema": "pg_catalog",
                "enumValues": null,
                "hasDefaultValue": false,
                "isArray": false,
                "isAutoIncrementing": false,
                "isNullable": true,
                "name": "name",
              },
            ],
            "name": "user",
            "schema": "public",
          },
        ],
      },
      "table": TableMetadata {
        "columns": [
          ColumnMetadata {
            "comment": null,
            "dataType": "uuid",
            "dataTypeSchema": "pg_catalog",
            "enumValues": null,
            "hasDefaultValue": true,
            "isArray": false,
            "isAutoIncrementing": false,
            "isNullable": false,
            "name": "id",
          },
          ColumnMetadata {
            "comment": null,
            "dataType": "text",
            "dataTypeSchema": "pg_catalog",
            "enumValues": null,
            "hasDefaultValue": false,
            "isArray": false,
            "isAutoIncrementing": false,
            "isNullable": false,
            "name": "bio",
          },
          ColumnMetadata {
            "comment": null,
            "dataType": "text",
            "dataTypeSchema": "pg_catalog",
            "enumValues": null,
            "hasDefaultValue": false,
            "isArray": false,
            "isAutoIncrementing": false,
            "isNullable": true,
            "name": "name",
          },
          ColumnMetadata {
            "comment": null,
            "dataType": "int4",
            "dataTypeSchema": "pg_catalog",
            "enumValues": null,
            "hasDefaultValue": false,
            "isArray": false,
            "isAutoIncrementing": false,
            "isNullable": false,
            "name": "user_id",
          },
        ],
        "name": "profile",
        "schema": "public",
      },
    },
  },
  Resource {
    "_decorated": null,
    "info": {
      "_kind": Symbol(resource),
      "db": Kysely {},
      "introspection": {
        "enums": EnumCollection {
          "enums": {
            "public.status": [
              "ACTIVE",
              "REMOVED",
            ],
          },
        },
        "tables": [
          TableMetadata {
            "columns": [
              ColumnMetadata {
                "comment": null,
                "dataType": "int4",
                "dataTypeSchema": "pg_catalog",
                "enumValues": null,
                "hasDefaultValue": true,
                "isArray": false,
                "isAutoIncrementing": true,
                "isNullable": false,
                "name": "id",
              },
              ColumnMetadata {
                "comment": null,
                "dataType": "timestamp",
                "dataTypeSchema": "pg_catalog",
                "enumValues": null,
                "hasDefaultValue": true,
                "isArray": false,
                "isAutoIncrementing": false,
                "isNullable": false,
                "name": "created_at",
              },
              ColumnMetadata {
                "comment": null,
                "dataType": "text",
                "dataTypeSchema": "pg_catalog",
                "enumValues": null,
                "hasDefaultValue": false,
                "isArray": false,
                "isAutoIncrementing": false,
                "isNullable": false,
                "name": "title",
              },
              ColumnMetadata {
                "comment": null,
                "dataType": "text",
                "dataTypeSchema": "pg_catalog",
                "enumValues": null,
                "hasDefaultValue": false,
                "isArray": false,
                "isAutoIncrementing": false,
                "isNullable": true,
                "name": "content",
              },
              ColumnMetadata {
                "comment": null,
                "dataType": "timestamp",
                "dataTypeSchema": "pg_catalog",
                "enumValues": null,
                "hasDefaultValue": true,
                "isArray": false,
                "isAutoIncrementing": false,
                "isNullable": false,
                "name": "updated_at",
              },
              ColumnMetadata {
                "comment": null,
                "dataType": "json",
                "dataTypeSchema": "pg_catalog",
                "enumValues": null,
                "hasDefaultValue": false,
                "isArray": false,
                "isAutoIncrementing": false,
                "isNullable": true,
                "name": "some_json",
              },
              ColumnMetadata {
                "comment": null,
                "dataType": "status",
                "dataTypeSchema": "public",
                "enumValues": [
                  "ACTIVE",
                  "REMOVED",
                ],
                "hasDefaultValue": false,
                "isArray": false,
                "isAutoIncrementing": false,
                "isNullable": false,
                "name": "status",
              },
              ColumnMetadata {
                "comment": null,
                "dataType": "int4",
                "dataTypeSchema": "pg_catalog",
                "enumValues": null,
                "hasDefaultValue": false,
                "isArray": false,
                "isAutoIncrementing": false,
                "isNullable": false,
                "name": "author_id",
              },
              ColumnMetadata {
                "comment": null,
                "dataType": "bool",
                "dataTypeSchema": "pg_catalog",
                "enumValues": null,
                "hasDefaultValue": true,
                "isArray": false,
                "isAutoIncrementing": false,
                "isNullable": false,
                "name": "published",
              },
            ],
            "name": "post",
            "schema": "public",
          },
          TableMetadata {
            "columns": [
              ColumnMetadata {
                "comment": null,
                "dataType": "uuid",
                "dataTypeSchema": "pg_catalog",
                "enumValues": null,
                "hasDefaultValue": true,
                "isArray": false,
                "isAutoIncrementing": false,
                "isNullable": false,
                "name": "id",
              },
              ColumnMetadata {
                "comment": null,
                "dataType": "text",
                "dataTypeSchema": "pg_catalog",
                "enumValues": null,
                "hasDefaultValue": false,
                "isArray": false,
                "isAutoIncrementing": false,
                "isNullable": false,
                "name": "bio",
              },
              ColumnMetadata {
                "comment": null,
                "dataType": "text",
                "dataTypeSchema": "pg_catalog",
                "enumValues": null,
                "hasDefaultValue": false,
                "isArray": false,
                "isAutoIncrementing": false,
                "isNullable": true,
                "name": "name",
              },
              ColumnMetadata {
                "comment": null,
                "dataType": "int4",
                "dataTypeSchema": "pg_catalog",
                "enumValues": null,
                "hasDefaultValue": false,
                "isArray": false,
                "isAutoIncrementing": false,
                "isNullable": false,
                "name": "user_id",
              },
            ],
            "name": "profile",
            "schema": "public",
          },
          TableMetadata {
            "columns": [
              ColumnMetadata {
                "comment": null,
                "dataType": "int4",
                "dataTypeSchema": "pg_catalog",
                "enumValues": null,
                "hasDefaultValue": true,
                "isArray": false,
                "isAutoIncrementing": true,
                "isNullable": false,
                "name": "id",
              },
              ColumnMetadata {
                "comment": null,
                "dataType": "text",
                "dataTypeSchema": "pg_catalog",
                "enumValues": null,
                "hasDefaultValue": false,
                "isArray": false,
                "isAutoIncrementing": false,
                "isNullable": false,
                "name": "email",
              },
              ColumnMetadata {
                "comment": null,
                "dataType": "text",
                "dataTypeSchema": "pg_catalog",
                "enumValues": null,
                "hasDefaultValue": false,
                "isArray": false,
                "isAutoIncrementing": false,
                "isNullable": true,
                "name": "name",
              },
            ],
            "name": "user",
            "schema": "public",
          },
        ],
      },
      "table": TableMetadata {
        "columns": [
          ColumnMetadata {
            "comment": null,
            "dataType": "int4",
            "dataTypeSchema": "pg_catalog",
            "enumValues": null,
            "hasDefaultValue": true,
            "isArray": false,
            "isAutoIncrementing": true,
            "isNullable": false,
            "name": "id",
          },
          ColumnMetadata {
            "comment": null,
            "dataType": "text",
            "dataTypeSchema": "pg_catalog",
            "enumValues": null,
            "hasDefaultValue": false,
            "isArray": false,
            "isAutoIncrementing": false,
            "isNullable": false,
            "name": "email",
          },
          ColumnMetadata {
            "comment": null,
            "dataType": "text",
            "dataTypeSchema": "pg_catalog",
            "enumValues": null,
            "hasDefaultValue": false,
            "isArray": false,
            "isAutoIncrementing": false,
            "isNullable": true,
            "name": "name",
          },
        ],
        "name": "user",
        "schema": "public",
      },
    },
  },
]
`;
